START
imported os
imported re
imported csv
imported json
imported uuid
imported io
imported tempfile
imported Path
imported HTTPServer, BaseHTTPRequestHandler
imported urlparse
ALL IMPORTS OK - about to start server...
In main()
HTTPServer created!
